#! /ucrt64/bin/vvp
:ivl_version "13.0 (stable)" "(v13_0)";
:ivl_delay_selection "TYPICAL";
:vpi_time_precision - 12;
:vpi_module "C:\msys64\ucrt64\lib\ivl\system.vpi";
:vpi_module "C:\msys64\ucrt64\lib\ivl\vhdl_sys.vpi";
:vpi_module "C:\msys64\ucrt64\lib\ivl\vhdl_textio.vpi";
:vpi_module "C:\msys64\ucrt64\lib\ivl\v2005_math.vpi";
:vpi_module "C:\msys64\ucrt64\lib\ivl\va_math.vpi";
S_000001a89e53d4b0 .scope module, "tb_mux_decoder" "tb_mux_decoder" 2 3;
 .timescale -9 -12;
v000001a89e5418d0_0 .var "data", 3 0;
v000001a89e541bf0_0 .var "data8", 7 0;
v000001a89e5415b0_0 .net "dec_y", 3 0, v000001a89e541150_0;  1 drivers
v000001a89e5411f0_0 .var "enable", 0 0;
v000001a89e541c90_0 .var/i "i", 31 0;
v000001a89e541d30_0 .net "mux8_y", 0 0, v000001a89e541290_0;  1 drivers
v000001a89e541470_0 .net "mux_y", 0 0, v000001a89e541b50_0;  1 drivers
v000001a89e541970_0 .var "sel", 1 0;
v000001a89e541510_0 .var "sel8", 2 0;
S_000001a89e54fe90 .scope module, "dec" "decoder2to4" 2 16, 3 19 0, S_000001a89e53d4b0;
 .timescale -9 -12;
    .port_info 0 /INPUT 2 "sel";
    .port_info 1 /INPUT 1 "enable";
    .port_info 2 /OUTPUT 4 "y";
v000001a89e541650_0 .net "enable", 0 0, v000001a89e5411f0_0;  1 drivers
v000001a89e541830_0 .net "sel", 1 0, v000001a89e541970_0;  1 drivers
v000001a89e541150_0 .var "y", 3 0;
E_000001a89e540780 .event anyedge, v000001a89e541650_0, v000001a89e541830_0;
S_000001a89e550020 .scope module, "mux" "mux4to1" 2 15, 3 3 0, S_000001a89e53d4b0;
 .timescale -9 -12;
    .port_info 0 /INPUT 4 "data";
    .port_info 1 /INPUT 2 "sel";
    .port_info 2 /OUTPUT 1 "y";
v000001a89e541ab0_0 .net "data", 3 0, v000001a89e5418d0_0;  1 drivers
v000001a89e541330_0 .net "sel", 1 0, v000001a89e541970_0;  alias, 1 drivers
v000001a89e541b50_0 .var "y", 0 0;
E_000001a89e540000 .event anyedge, v000001a89e541830_0, v000001a89e541ab0_0;
S_000001a89e5501b0 .scope module, "mux8_inst" "mux8" 2 17, 3 39 0, S_000001a89e53d4b0;
 .timescale -9 -12;
    .port_info 0 /INPUT 8 "data8";
    .port_info 1 /INPUT 3 "sel8";
    .port_info 2 /OUTPUT 1 "mux8_y";
v000001a89e540f70_0 .net "data8", 7 0, v000001a89e541bf0_0;  1 drivers
v000001a89e541290_0 .var "mux8_y", 0 0;
v000001a89e5413d0_0 .net "sel8", 2 0, v000001a89e541510_0;  1 drivers
E_000001a89e540580 .event anyedge, v000001a89e5413d0_0, v000001a89e540f70_0;
    .scope S_000001a89e550020;
T_0 ;
    %wait E_000001a89e540000;
    %load/vec4 v000001a89e541330_0;
    %dup/vec4;
    %pushi/vec4 0, 0, 2;
    %cmp/u;
    %jmp/1 T_0.0, 6;
    %dup/vec4;
    %pushi/vec4 1, 0, 2;
    %cmp/u;
    %jmp/1 T_0.1, 6;
    %dup/vec4;
    %pushi/vec4 2, 0, 2;
    %cmp/u;
    %jmp/1 T_0.2, 6;
    %dup/vec4;
    %pushi/vec4 3, 0, 2;
    %cmp/u;
    %jmp/1 T_0.3, 6;
    %pushi/vec4 0, 0, 1;
    %store/vec4 v000001a89e541b50_0, 0, 1;
    %jmp T_0.5;
T_0.0 ;
    %load/vec4 v000001a89e541ab0_0;
    %parti/s 1, 0, 2;
    %store/vec4 v000001a89e541b50_0, 0, 1;
    %jmp T_0.5;
T_0.1 ;
    %load/vec4 v000001a89e541ab0_0;
    %parti/s 1, 1, 2;
    %store/vec4 v000001a89e541b50_0, 0, 1;
    %jmp T_0.5;
T_0.2 ;
    %load/vec4 v000001a89e541ab0_0;
    %parti/s 1, 2, 3;
    %store/vec4 v000001a89e541b50_0, 0, 1;
    %jmp T_0.5;
T_0.3 ;
    %load/vec4 v000001a89e541ab0_0;
    %parti/s 1, 3, 3;
    %store/vec4 v000001a89e541b50_0, 0, 1;
    %jmp T_0.5;
T_0.5 ;
    %pop/vec4 1;
    %jmp T_0;
    .thread T_0, $push;
    .scope S_000001a89e54fe90;
T_1 ;
    %wait E_000001a89e540780;
    %load/vec4 v000001a89e541650_0;
    %flag_set/vec4 8;
    %jmp/0xz  T_1.0, 8;
    %load/vec4 v000001a89e541830_0;
    %dup/vec4;
    %pushi/vec4 0, 0, 2;
    %cmp/u;
    %jmp/1 T_1.2, 6;
    %dup/vec4;
    %pushi/vec4 1, 0, 2;
    %cmp/u;
    %jmp/1 T_1.3, 6;
    %dup/vec4;
    %pushi/vec4 2, 0, 2;
    %cmp/u;
    %jmp/1 T_1.4, 6;
    %dup/vec4;
    %pushi/vec4 3, 0, 2;
    %cmp/u;
    %jmp/1 T_1.5, 6;
    %pushi/vec4 0, 0, 4;
    %store/vec4 v000001a89e541150_0, 0, 4;
    %jmp T_1.7;
T_1.2 ;
    %pushi/vec4 1, 0, 4;
    %store/vec4 v000001a89e541150_0, 0, 4;
    %jmp T_1.7;
T_1.3 ;
    %pushi/vec4 2, 0, 4;
    %store/vec4 v000001a89e541150_0, 0, 4;
    %jmp T_1.7;
T_1.4 ;
    %pushi/vec4 4, 0, 4;
    %store/vec4 v000001a89e541150_0, 0, 4;
    %jmp T_1.7;
T_1.5 ;
    %pushi/vec4 8, 0, 4;
    %store/vec4 v000001a89e541150_0, 0, 4;
    %jmp T_1.7;
T_1.7 ;
    %pop/vec4 1;
    %jmp T_1.1;
T_1.0 ;
    %pushi/vec4 0, 0, 4;
    %store/vec4 v000001a89e541150_0, 0, 4;
T_1.1 ;
    %jmp T_1;
    .thread T_1, $push;
    .scope S_000001a89e5501b0;
T_2 ;
    %wait E_000001a89e540580;
    %load/vec4 v000001a89e5413d0_0;
    %dup/vec4;
    %pushi/vec4 0, 0, 3;
    %cmp/u;
    %jmp/1 T_2.0, 6;
    %dup/vec4;
    %pushi/vec4 1, 0, 3;
    %cmp/u;
    %jmp/1 T_2.1, 6;
    %dup/vec4;
    %pushi/vec4 2, 0, 3;
    %cmp/u;
    %jmp/1 T_2.2, 6;
    %dup/vec4;
    %pushi/vec4 3, 0, 3;
    %cmp/u;
    %jmp/1 T_2.3, 6;
    %dup/vec4;
    %pushi/vec4 4, 0, 3;
    %cmp/u;
    %jmp/1 T_2.4, 6;
    %dup/vec4;
    %pushi/vec4 5, 0, 3;
    %cmp/u;
    %jmp/1 T_2.5, 6;
    %dup/vec4;
    %pushi/vec4 6, 0, 3;
    %cmp/u;
    %jmp/1 T_2.6, 6;
    %dup/vec4;
    %pushi/vec4 7, 0, 3;
    %cmp/u;
    %jmp/1 T_2.7, 6;
    %pushi/vec4 0, 0, 1;
    %store/vec4 v000001a89e541290_0, 0, 1;
    %jmp T_2.9;
T_2.0 ;
    %load/vec4 v000001a89e540f70_0;
    %parti/s 1, 0, 2;
    %store/vec4 v000001a89e541290_0, 0, 1;
    %jmp T_2.9;
T_2.1 ;
    %load/vec4 v000001a89e540f70_0;
    %parti/s 1, 1, 2;
    %store/vec4 v000001a89e541290_0, 0, 1;
    %jmp T_2.9;
T_2.2 ;
    %load/vec4 v000001a89e540f70_0;
    %parti/s 1, 2, 3;
    %store/vec4 v000001a89e541290_0, 0, 1;
    %jmp T_2.9;
T_2.3 ;
    %load/vec4 v000001a89e540f70_0;
    %parti/s 1, 3, 3;
    %store/vec4 v000001a89e541290_0, 0, 1;
    %jmp T_2.9;
T_2.4 ;
    %load/vec4 v000001a89e540f70_0;
    %parti/s 1, 4, 4;
    %store/vec4 v000001a89e541290_0, 0, 1;
    %jmp T_2.9;
T_2.5 ;
    %load/vec4 v000001a89e540f70_0;
    %parti/s 1, 5, 4;
    %store/vec4 v000001a89e541290_0, 0, 1;
    %jmp T_2.9;
T_2.6 ;
    %load/vec4 v000001a89e540f70_0;
    %parti/s 1, 6, 4;
    %store/vec4 v000001a89e541290_0, 0, 1;
    %jmp T_2.9;
T_2.7 ;
    %load/vec4 v000001a89e540f70_0;
    %parti/s 1, 7, 4;
    %store/vec4 v000001a89e541290_0, 0, 1;
    %jmp T_2.9;
T_2.9 ;
    %pop/vec4 1;
    %jmp T_2;
    .thread T_2, $push;
    .scope S_000001a89e53d4b0;
T_3 ;
    %vpi_call 2 20 "$dumpfile", "lab04_mux_decoder.vcd" {0 0 0};
    %vpi_call 2 21 "$dumpvars", 32'sb00000000000000000000000000000000, S_000001a89e53d4b0 {0 0 0};
    %pushi/vec4 10, 0, 4;
    %store/vec4 v000001a89e5418d0_0, 0, 4;
    %pushi/vec4 1, 0, 1;
    %store/vec4 v000001a89e5411f0_0, 0, 1;
    %vpi_call 2 26 "$display", "data sel enable | mux_y dec_y" {0 0 0};
    %pushi/vec4 0, 0, 32;
    %store/vec4 v000001a89e541c90_0, 0, 32;
T_3.0 ; Top of for-loop
    %load/vec4 v000001a89e541c90_0;
    %cmpi/s 4, 0, 32;
	  %jmp/0xz T_3.1, 5;
    %load/vec4 v000001a89e541c90_0;
    %parti/s 2, 0, 2;
    %store/vec4 v000001a89e541970_0, 0, 2;
    %delay 10000, 0;
    %vpi_call 2 30 "$display", "%b  %b    %b    |   %b   %b", v000001a89e5418d0_0, v000001a89e541970_0, v000001a89e5411f0_0, v000001a89e541470_0, v000001a89e5415b0_0 {0 0 0};
T_3.2 ; for-loop step statement
    %load/vec4 v000001a89e541c90_0;
    %addi 1, 0, 32;
    %store/vec4 v000001a89e541c90_0, 0, 32;
    %jmp T_3.0;
T_3.1 ; for-loop exit label
    %pushi/vec4 0, 0, 1;
    %store/vec4 v000001a89e5411f0_0, 0, 1;
    %pushi/vec4 0, 0, 32;
    %store/vec4 v000001a89e541c90_0, 0, 32;
T_3.3 ; Top of for-loop
    %load/vec4 v000001a89e541c90_0;
    %cmpi/s 4, 0, 32;
	  %jmp/0xz T_3.4, 5;
    %load/vec4 v000001a89e541c90_0;
    %parti/s 2, 0, 2;
    %store/vec4 v000001a89e541970_0, 0, 2;
    %delay 10000, 0;
    %vpi_call 2 37 "$display", "%b  %b    %b    |   %b   %b", v000001a89e5418d0_0, v000001a89e541970_0, v000001a89e5411f0_0, v000001a89e541470_0, v000001a89e5415b0_0 {0 0 0};
T_3.5 ; for-loop step statement
    %load/vec4 v000001a89e541c90_0;
    %addi 1, 0, 32;
    %store/vec4 v000001a89e541c90_0, 0, 32;
    %jmp T_3.3;
T_3.4 ; for-loop exit label
    %pushi/vec4 181, 0, 8;
    %store/vec4 v000001a89e541bf0_0, 0, 8;
    %vpi_call 2 41 "$display", "\000" {0 0 0};
    %vpi_call 2 42 "$display", "data8   sel8 | mux8_y" {0 0 0};
    %pushi/vec4 0, 0, 32;
    %store/vec4 v000001a89e541c90_0, 0, 32;
T_3.6 ; Top of for-loop
    %load/vec4 v000001a89e541c90_0;
    %cmpi/s 8, 0, 32;
	  %jmp/0xz T_3.7, 5;
    %load/vec4 v000001a89e541c90_0;
    %parti/s 3, 0, 2;
    %store/vec4 v000001a89e541510_0, 0, 3;
    %delay 10000, 0;
    %vpi_call 2 46 "$display", "%b  %b   |    %b", v000001a89e541bf0_0, v000001a89e541510_0, v000001a89e541d30_0 {0 0 0};
T_3.8 ; for-loop step statement
    %load/vec4 v000001a89e541c90_0;
    %addi 1, 0, 32;
    %store/vec4 v000001a89e541c90_0, 0, 32;
    %jmp T_3.6;
T_3.7 ; for-loop exit label
    %vpi_call 2 49 "$finish" {0 0 0};
    %end;
    .thread T_3;
# The file index is used to find the file name in the following table.
:file_names 4;
    "N/A";
    "<interactive>";
    "tb_mux_decoder.v";
    "mux_decoder.v";
