#! /ucrt64/bin/vvp
:ivl_version "13.0 (stable)" "(v13_0)";
:ivl_delay_selection "TYPICAL";
:vpi_time_precision - 12;
:vpi_module "C:\msys64\ucrt64\lib\ivl\system.vpi";
:vpi_module "C:\msys64\ucrt64\lib\ivl\vhdl_sys.vpi";
:vpi_module "C:\msys64\ucrt64\lib\ivl\vhdl_textio.vpi";
:vpi_module "C:\msys64\ucrt64\lib\ivl\v2005_math.vpi";
:vpi_module "C:\msys64\ucrt64\lib\ivl\va_math.vpi";
S_0000021e0d32a370 .scope module, "tb_compare_alu" "tb_compare_alu" 2 3;
 .timescale -9 -12;
v0000021e0d329180_0 .var "a", 3 0;
v0000021e0d329220_0 .var "b", 3 0;
v0000021e0d329860_0 .net "eq", 0 0, L_0000021e0d329400;  1 drivers
v0000021e0d3292c0_0 .net "gt", 0 0, L_0000021e0d329540;  1 drivers
v0000021e0d329900_0 .var/i "i", 31 0;
v0000021e0d3299a0_0 .net "lt", 0 0, L_0000021e0d329ae0;  1 drivers
v0000021e0d329c20_0 .var "op", 2 0;
v0000021e0d329360_0 .net "result", 3 0, v0000021e0d329040_0;  1 drivers
v0000021e0d329a40_0 .net "zero", 0 0, L_0000021e0d329b80;  1 drivers
S_0000021e0d33dd40 .scope module, "alu" "alu4" 2 16, 3 15 0, S_0000021e0d32a370;
 .timescale -9 -12;
    .port_info 0 /INPUT 4 "a";
    .port_info 1 /INPUT 4 "b";
    .port_info 2 /INPUT 3 "op";
    .port_info 3 /OUTPUT 4 "result";
    .port_info 4 /OUTPUT 1 "zero";
L_0000021e0d540088 .functor BUFT 1, C4<0000>, C4<0>, C4<0>, C4<0>;
v0000021e0d3290e0_0 .net/2u *"_ivl_0", 3 0, L_0000021e0d540088;  1 drivers
v0000021e0d329e00_0 .net "a", 3 0, v0000021e0d329180_0;  1 drivers
v0000021e0d329d60_0 .net "b", 3 0, v0000021e0d329220_0;  1 drivers
v0000021e0d329ea0_0 .net "op", 2 0, v0000021e0d329c20_0;  1 drivers
v0000021e0d329040_0 .var "result", 3 0;
v0000021e0d329720_0 .net "zero", 0 0, L_0000021e0d329b80;  alias, 1 drivers
E_0000021e0d32d190 .event anyedge, v0000021e0d329ea0_0, v0000021e0d329e00_0, v0000021e0d329d60_0;
L_0000021e0d329b80 .cmp/eq 4, v0000021e0d329040_0, L_0000021e0d540088;
S_0000021e0d33ded0 .scope module, "cmp" "comparator4" 2 15, 3 3 0, S_0000021e0d32a370;
 .timescale -9 -12;
    .port_info 0 /INPUT 4 "a";
    .port_info 1 /INPUT 4 "b";
    .port_info 2 /OUTPUT 1 "eq";
    .port_info 3 /OUTPUT 1 "gt";
    .port_info 4 /OUTPUT 1 "lt";
v0000021e0d3295e0_0 .net "a", 3 0, v0000021e0d329180_0;  alias, 1 drivers
v0000021e0d3294a0_0 .net "b", 3 0, v0000021e0d329220_0;  alias, 1 drivers
v0000021e0d3297c0_0 .net "eq", 0 0, L_0000021e0d329400;  alias, 1 drivers
v0000021e0d328fa0_0 .net "gt", 0 0, L_0000021e0d329540;  alias, 1 drivers
v0000021e0d329cc0_0 .net "lt", 0 0, L_0000021e0d329ae0;  alias, 1 drivers
L_0000021e0d329400 .cmp/eq 4, v0000021e0d329180_0, v0000021e0d329220_0;
L_0000021e0d329540 .cmp/gt 4, v0000021e0d329180_0, v0000021e0d329220_0;
L_0000021e0d329ae0 .cmp/gt 4, v0000021e0d329220_0, v0000021e0d329180_0;
    .scope S_0000021e0d33dd40;
T_0 ;
    %wait E_0000021e0d32d190;
    %load/vec4 v0000021e0d329ea0_0;
    %dup/vec4;
    %pushi/vec4 0, 0, 3;
    %cmp/u;
    %jmp/1 T_0.0, 6;
    %dup/vec4;
    %pushi/vec4 1, 0, 3;
    %cmp/u;
    %jmp/1 T_0.1, 6;
    %dup/vec4;
    %pushi/vec4 2, 0, 3;
    %cmp/u;
    %jmp/1 T_0.2, 6;
    %dup/vec4;
    %pushi/vec4 3, 0, 3;
    %cmp/u;
    %jmp/1 T_0.3, 6;
    %dup/vec4;
    %pushi/vec4 4, 0, 3;
    %cmp/u;
    %jmp/1 T_0.4, 6;
    %pushi/vec4 0, 0, 4;
    %store/vec4 v0000021e0d329040_0, 0, 4;
    %jmp T_0.6;
T_0.0 ;
    %load/vec4 v0000021e0d329e00_0;
    %load/vec4 v0000021e0d329d60_0;
    %add;
    %store/vec4 v0000021e0d329040_0, 0, 4;
    %jmp T_0.6;
T_0.1 ;
    %load/vec4 v0000021e0d329e00_0;
    %load/vec4 v0000021e0d329d60_0;
    %sub;
    %store/vec4 v0000021e0d329040_0, 0, 4;
    %jmp T_0.6;
T_0.2 ;
    %load/vec4 v0000021e0d329e00_0;
    %load/vec4 v0000021e0d329d60_0;
    %and;
    %store/vec4 v0000021e0d329040_0, 0, 4;
    %jmp T_0.6;
T_0.3 ;
    %load/vec4 v0000021e0d329e00_0;
    %load/vec4 v0000021e0d329d60_0;
    %or;
    %store/vec4 v0000021e0d329040_0, 0, 4;
    %jmp T_0.6;
T_0.4 ;
    %load/vec4 v0000021e0d329e00_0;
    %inv;
    %store/vec4 v0000021e0d329040_0, 0, 4;
    %jmp T_0.6;
T_0.6 ;
    %pop/vec4 1;
    %jmp T_0;
    .thread T_0, $push;
    .scope S_0000021e0d32a370;
T_1 ;
    %vpi_call 2 19 "$dumpfile", "lab05_compare_alu.vcd" {0 0 0};
    %vpi_call 2 20 "$dumpvars", 32'sb00000000000000000000000000000000, S_0000021e0d32a370 {0 0 0};
    %vpi_call 2 22 "$display", "=== Lab 05: Comparator and ALU Testbench ===" {0 0 0};
    %vpi_call 2 23 "$display", "\000" {0 0 0};
    %vpi_call 2 24 "$display", " a  b  op | result zero  eq  gt  lt" {0 0 0};
    %vpi_call 2 25 "$display", "--------------------------------------" {0 0 0};
    %pushi/vec4 9, 0, 4;
    %store/vec4 v0000021e0d329180_0, 0, 4;
    %pushi/vec4 3, 0, 4;
    %store/vec4 v0000021e0d329220_0, 0, 4;
    %pushi/vec4 0, 0, 32;
    %store/vec4 v0000021e0d329900_0, 0, 32;
T_1.0 ; Top of for-loop
    %load/vec4 v0000021e0d329900_0;
    %cmpi/s 5, 0, 32;
	  %jmp/0xz T_1.1, 5;
    %load/vec4 v0000021e0d329900_0;
    %parti/s 3, 0, 2;
    %store/vec4 v0000021e0d329c20_0, 0, 3;
    %delay 10000, 0;
    %vpi_call 2 33 "$display", "%2d %2d  %b |   %2d    %b   %b   %b   %b", v0000021e0d329180_0, v0000021e0d329220_0, v0000021e0d329c20_0, v0000021e0d329360_0, v0000021e0d329a40_0, v0000021e0d329860_0, v0000021e0d3292c0_0, v0000021e0d3299a0_0 {0 0 0};
T_1.2 ; for-loop step statement
    %load/vec4 v0000021e0d329900_0;
    %addi 1, 0, 32;
    %store/vec4 v0000021e0d329900_0, 0, 32;
    %jmp T_1.0;
T_1.1 ; for-loop exit label
    %pushi/vec4 5, 0, 4;
    %store/vec4 v0000021e0d329180_0, 0, 4;
    %pushi/vec4 5, 0, 4;
    %store/vec4 v0000021e0d329220_0, 0, 4;
    %pushi/vec4 1, 0, 3;
    %store/vec4 v0000021e0d329c20_0, 0, 3;
    %delay 10000, 0;
    %vpi_call 2 42 "$display", "%2d %2d  %b |   %2d    %b   %b   %b   %b", v0000021e0d329180_0, v0000021e0d329220_0, v0000021e0d329c20_0, v0000021e0d329360_0, v0000021e0d329a40_0, v0000021e0d329860_0, v0000021e0d3292c0_0, v0000021e0d3299a0_0 {0 0 0};
    %pushi/vec4 4, 0, 3;
    %store/vec4 v0000021e0d329c20_0, 0, 3;
    %delay 10000, 0;
    %vpi_call 2 48 "$display", "%2d %2d  %b |   %2d    %b   %b   %b   %b", v0000021e0d329180_0, v0000021e0d329220_0, v0000021e0d329c20_0, v0000021e0d329360_0, v0000021e0d329a40_0, v0000021e0d329860_0, v0000021e0d3292c0_0, v0000021e0d3299a0_0 {0 0 0};
    %pushi/vec4 10, 0, 4;
    %store/vec4 v0000021e0d329180_0, 0, 4;
    %pushi/vec4 0, 0, 4;
    %store/vec4 v0000021e0d329220_0, 0, 4;
    %pushi/vec4 4, 0, 3;
    %store/vec4 v0000021e0d329c20_0, 0, 3;
    %delay 10000, 0;
    %vpi_call 2 56 "$display", "%2d %2d  %b |   %2d    %b   %b   %b   %b", v0000021e0d329180_0, v0000021e0d329220_0, v0000021e0d329c20_0, v0000021e0d329360_0, v0000021e0d329a40_0, v0000021e0d329860_0, v0000021e0d3292c0_0, v0000021e0d3299a0_0 {0 0 0};
    %vpi_call 2 59 "$display", "\000" {0 0 0};
    %vpi_call 2 60 "$display", "=== Simulation Complete ===" {0 0 0};
    %vpi_call 2 61 "$finish" {0 0 0};
    %end;
    .thread T_1;
# The file index is used to find the file name in the following table.
:file_names 4;
    "N/A";
    "<interactive>";
    "tb_compare_alu.v";
    "compare_alu.v";
