#! /opt/homebrew/Cellar/icarus-verilog/13.0/bin/vvp
:ivl_version "13.0 (stable)" "(v13_0)";
:ivl_delay_selection "TYPICAL";
:vpi_time_precision - 12;
:vpi_module "/opt/homebrew/Cellar/icarus-verilog/13.0/lib/ivl/system.vpi";
:vpi_module "/opt/homebrew/Cellar/icarus-verilog/13.0/lib/ivl/vhdl_sys.vpi";
:vpi_module "/opt/homebrew/Cellar/icarus-verilog/13.0/lib/ivl/vhdl_textio.vpi";
:vpi_module "/opt/homebrew/Cellar/icarus-verilog/13.0/lib/ivl/v2005_math.vpi";
:vpi_module "/opt/homebrew/Cellar/icarus-verilog/13.0/lib/ivl/va_math.vpi";
S_0x104b2cd10 .scope module, "tb_adders" "tb_adders" 2 3;
 .timescale -9 -12;
v0xc82c56bc0_0 .var "a", 0 0;
v0xc82c56c60_0 .var "a4", 3 0;
v0xc82c56d00_0 .var "b", 0 0;
v0xc82c56da0_0 .var "b4", 3 0;
v0xc82c56e40_0 .var "cin", 0 0;
v0xc82c56ee0_0 .var "cin4", 0 0;
v0xc82c56f80_0 .net "cout", 0 0, L_0xc83064000;  1 drivers
v0xc82c57020_0 .net "cout4", 0 0, L_0xc83064c40;  1 drivers
v0xc82c570c0_0 .net "ha_carry", 0 0, L_0x104b2b8e0;  1 drivers
v0xc82c57160_0 .net "ha_sum", 0 0, L_0x104b2b870;  1 drivers
v0xc82c57200_0 .var/i "i", 31 0;
v0xc82c572a0_0 .net "sum", 0 0, L_0x104b2c6a0;  1 drivers
v0xc82c57340_0 .net "sum4", 3 0, L_0xc8304c0a0;  1 drivers
S_0x104b250b0 .scope module, "add4" "adder_4bit" 2 22, 3 24 0, S_0x104b2cd10;
 .timescale -9 -12;
    .port_info 0 /INPUT 4 "a";
    .port_info 1 /INPUT 4 "b";
    .port_info 2 /INPUT 1 "cin";
    .port_info 3 /OUTPUT 4 "sum";
    .port_info 4 /OUTPUT 1 "cout";
v0xc82c55d60_0 .net "a", 3 0, v0xc82c56c60_0;  1 drivers
v0xc82c55e00_0 .net "b", 3 0, v0xc82c56da0_0;  1 drivers
v0xc82c55ea0_0 .net "c1", 0 0, L_0xc83064310;  1 drivers
v0xc82c55f40_0 .net "c2", 0 0, L_0xc83064620;  1 drivers
v0xc82c55fe0_0 .net "c3", 0 0, L_0xc83064930;  1 drivers
v0xc82c56080_0 .net "cin", 0 0, v0xc82c56ee0_0;  1 drivers
v0xc82c56120_0 .net "cout", 0 0, L_0xc83064c40;  alias, 1 drivers
v0xc82c561c0_0 .net "sum", 3 0, L_0xc8304c0a0;  alias, 1 drivers
L_0xc82c505a0 .part v0xc82c56c60_0, 0, 1;
L_0xc82c50640 .part v0xc82c56da0_0, 0, 1;
L_0xc82c506e0 .part v0xc82c56c60_0, 1, 1;
L_0xc82c50780 .part v0xc82c56da0_0, 1, 1;
L_0xc82c50820 .part v0xc82c56c60_0, 2, 1;
L_0xc82c508c0 .part v0xc82c56da0_0, 2, 1;
L_0xc82c50960 .part v0xc82c56c60_0, 3, 1;
L_0xc82c50a00 .part v0xc82c56da0_0, 3, 1;
L_0xc8304c0a0 .concat8 [ 1 1 1 1], L_0xc830640e0, L_0xc830643f0, L_0xc83064700, L_0xc83064a10;
S_0x104b25230 .scope module, "fa0" "full_adder" 3 35, 3 13 0, S_0x104b250b0;
 .timescale -9 -12;
    .port_info 0 /INPUT 1 "a";
    .port_info 1 /INPUT 1 "b";
    .port_info 2 /INPUT 1 "cin";
    .port_info 3 /OUTPUT 1 "sum";
    .port_info 4 /OUTPUT 1 "cout";
L_0xc83064070 .functor XOR 1, L_0xc82c505a0, L_0xc82c50640, C4<0>, C4<0>;
L_0xc830640e0 .functor XOR 1, L_0xc83064070, v0xc82c56ee0_0, C4<0>, C4<0>;
L_0xc83064150 .functor AND 1, L_0xc82c505a0, L_0xc82c50640, C4<1>, C4<1>;
L_0xc830641c0 .functor AND 1, L_0xc82c505a0, v0xc82c56ee0_0, C4<1>, C4<1>;
L_0xc83064230 .functor OR 1, L_0xc83064150, L_0xc830641c0, C4<0>, C4<0>;
L_0xc830642a0 .functor AND 1, L_0xc82c50640, v0xc82c56ee0_0, C4<1>, C4<1>;
L_0xc83064310 .functor OR 1, L_0xc83064230, L_0xc830642a0, C4<0>, C4<0>;
v0xc82c54280_0 .net *"_ivl_0", 0 0, L_0xc83064070;  1 drivers
v0xc82c54320_0 .net *"_ivl_10", 0 0, L_0xc830642a0;  1 drivers
v0xc82c543c0_0 .net *"_ivl_4", 0 0, L_0xc83064150;  1 drivers
v0xc82c54460_0 .net *"_ivl_6", 0 0, L_0xc830641c0;  1 drivers
v0xc82c54500_0 .net *"_ivl_8", 0 0, L_0xc83064230;  1 drivers
v0xc82c545a0_0 .net "a", 0 0, L_0xc82c505a0;  1 drivers
v0xc82c54640_0 .net "b", 0 0, L_0xc82c50640;  1 drivers
v0xc82c546e0_0 .net "cin", 0 0, v0xc82c56ee0_0;  alias, 1 drivers
v0xc82c54780_0 .net "cout", 0 0, L_0xc83064310;  alias, 1 drivers
v0xc82c54820_0 .net "sum", 0 0, L_0xc830640e0;  1 drivers
S_0x104b209f0 .scope module, "fa1" "full_adder" 3 36, 3 13 0, S_0x104b250b0;
 .timescale -9 -12;
    .port_info 0 /INPUT 1 "a";
    .port_info 1 /INPUT 1 "b";
    .port_info 2 /INPUT 1 "cin";
    .port_info 3 /OUTPUT 1 "sum";
    .port_info 4 /OUTPUT 1 "cout";
L_0xc83064380 .functor XOR 1, L_0xc82c506e0, L_0xc82c50780, C4<0>, C4<0>;
L_0xc830643f0 .functor XOR 1, L_0xc83064380, L_0xc83064310, C4<0>, C4<0>;
L_0xc83064460 .functor AND 1, L_0xc82c506e0, L_0xc82c50780, C4<1>, C4<1>;
L_0xc830644d0 .functor AND 1, L_0xc82c506e0, L_0xc83064310, C4<1>, C4<1>;
L_0xc83064540 .functor OR 1, L_0xc83064460, L_0xc830644d0, C4<0>, C4<0>;
L_0xc830645b0 .functor AND 1, L_0xc82c50780, L_0xc83064310, C4<1>, C4<1>;
L_0xc83064620 .functor OR 1, L_0xc83064540, L_0xc830645b0, C4<0>, C4<0>;
v0xc82c54960_0 .net *"_ivl_0", 0 0, L_0xc83064380;  1 drivers
v0xc82c54a00_0 .net *"_ivl_10", 0 0, L_0xc830645b0;  1 drivers
v0xc82c54aa0_0 .net *"_ivl_4", 0 0, L_0xc83064460;  1 drivers
v0xc82c54b40_0 .net *"_ivl_6", 0 0, L_0xc830644d0;  1 drivers
v0xc82c54be0_0 .net *"_ivl_8", 0 0, L_0xc83064540;  1 drivers
v0xc82c54c80_0 .net "a", 0 0, L_0xc82c506e0;  1 drivers
v0xc82c54d20_0 .net "b", 0 0, L_0xc82c50780;  1 drivers
v0xc82c54dc0_0 .net "cin", 0 0, L_0xc83064310;  alias, 1 drivers
v0xc82c54e60_0 .net "cout", 0 0, L_0xc83064620;  alias, 1 drivers
v0xc82c54f00_0 .net "sum", 0 0, L_0xc830643f0;  1 drivers
S_0x104b20b70 .scope module, "fa2" "full_adder" 3 37, 3 13 0, S_0x104b250b0;
 .timescale -9 -12;
    .port_info 0 /INPUT 1 "a";
    .port_info 1 /INPUT 1 "b";
    .port_info 2 /INPUT 1 "cin";
    .port_info 3 /OUTPUT 1 "sum";
    .port_info 4 /OUTPUT 1 "cout";
L_0xc83064690 .functor XOR 1, L_0xc82c50820, L_0xc82c508c0, C4<0>, C4<0>;
L_0xc83064700 .functor XOR 1, L_0xc83064690, L_0xc83064620, C4<0>, C4<0>;
L_0xc83064770 .functor AND 1, L_0xc82c50820, L_0xc82c508c0, C4<1>, C4<1>;
L_0xc830647e0 .functor AND 1, L_0xc82c50820, L_0xc83064620, C4<1>, C4<1>;
L_0xc83064850 .functor OR 1, L_0xc83064770, L_0xc830647e0, C4<0>, C4<0>;
L_0xc830648c0 .functor AND 1, L_0xc82c508c0, L_0xc83064620, C4<1>, C4<1>;
L_0xc83064930 .functor OR 1, L_0xc83064850, L_0xc830648c0, C4<0>, C4<0>;
v0xc82c55040_0 .net *"_ivl_0", 0 0, L_0xc83064690;  1 drivers
v0xc82c550e0_0 .net *"_ivl_10", 0 0, L_0xc830648c0;  1 drivers
v0xc82c55180_0 .net *"_ivl_4", 0 0, L_0xc83064770;  1 drivers
v0xc82c55220_0 .net *"_ivl_6", 0 0, L_0xc830647e0;  1 drivers
v0xc82c552c0_0 .net *"_ivl_8", 0 0, L_0xc83064850;  1 drivers
v0xc82c55360_0 .net "a", 0 0, L_0xc82c50820;  1 drivers
v0xc82c55400_0 .net "b", 0 0, L_0xc82c508c0;  1 drivers
v0xc82c554a0_0 .net "cin", 0 0, L_0xc83064620;  alias, 1 drivers
v0xc82c55540_0 .net "cout", 0 0, L_0xc83064930;  alias, 1 drivers
v0xc82c555e0_0 .net "sum", 0 0, L_0xc83064700;  1 drivers
S_0x104b21b10 .scope module, "fa3" "full_adder" 3 38, 3 13 0, S_0x104b250b0;
 .timescale -9 -12;
    .port_info 0 /INPUT 1 "a";
    .port_info 1 /INPUT 1 "b";
    .port_info 2 /INPUT 1 "cin";
    .port_info 3 /OUTPUT 1 "sum";
    .port_info 4 /OUTPUT 1 "cout";
L_0xc830649a0 .functor XOR 1, L_0xc82c50960, L_0xc82c50a00, C4<0>, C4<0>;
L_0xc83064a10 .functor XOR 1, L_0xc830649a0, L_0xc83064930, C4<0>, C4<0>;
L_0xc83064a80 .functor AND 1, L_0xc82c50960, L_0xc82c50a00, C4<1>, C4<1>;
L_0xc83064af0 .functor AND 1, L_0xc82c50960, L_0xc83064930, C4<1>, C4<1>;
L_0xc83064b60 .functor OR 1, L_0xc83064a80, L_0xc83064af0, C4<0>, C4<0>;
L_0xc83064bd0 .functor AND 1, L_0xc82c50a00, L_0xc83064930, C4<1>, C4<1>;
L_0xc83064c40 .functor OR 1, L_0xc83064b60, L_0xc83064bd0, C4<0>, C4<0>;
v0xc82c55720_0 .net *"_ivl_0", 0 0, L_0xc830649a0;  1 drivers
v0xc82c557c0_0 .net *"_ivl_10", 0 0, L_0xc83064bd0;  1 drivers
v0xc82c55860_0 .net *"_ivl_4", 0 0, L_0xc83064a80;  1 drivers
v0xc82c55900_0 .net *"_ivl_6", 0 0, L_0xc83064af0;  1 drivers
v0xc82c559a0_0 .net *"_ivl_8", 0 0, L_0xc83064b60;  1 drivers
v0xc82c55a40_0 .net "a", 0 0, L_0xc82c50960;  1 drivers
v0xc82c55ae0_0 .net "b", 0 0, L_0xc82c50a00;  1 drivers
v0xc82c55b80_0 .net "cin", 0 0, L_0xc83064930;  alias, 1 drivers
v0xc82c55c20_0 .net "cout", 0 0, L_0xc83064c40;  alias, 1 drivers
v0xc82c55cc0_0 .net "sum", 0 0, L_0xc83064a10;  1 drivers
S_0x104b21c90 .scope module, "fa" "full_adder" 2 21, 3 13 0, S_0x104b2cd10;
 .timescale -9 -12;
    .port_info 0 /INPUT 1 "a";
    .port_info 1 /INPUT 1 "b";
    .port_info 2 /INPUT 1 "cin";
    .port_info 3 /OUTPUT 1 "sum";
    .port_info 4 /OUTPUT 1 "cout";
L_0x104b2c630 .functor XOR 1, v0xc82c56bc0_0, v0xc82c56d00_0, C4<0>, C4<0>;
L_0x104b2c6a0 .functor XOR 1, L_0x104b2c630, v0xc82c56e40_0, C4<0>, C4<0>;
L_0x104b2b690 .functor AND 1, v0xc82c56bc0_0, v0xc82c56d00_0, C4<1>, C4<1>;
L_0x104b2b700 .functor AND 1, v0xc82c56bc0_0, v0xc82c56e40_0, C4<1>, C4<1>;
L_0x104b23290 .functor OR 1, L_0x104b2b690, L_0x104b2b700, C4<0>, C4<0>;
L_0x104b23300 .functor AND 1, v0xc82c56d00_0, v0xc82c56e40_0, C4<1>, C4<1>;
L_0xc83064000 .functor OR 1, L_0x104b23290, L_0x104b23300, C4<0>, C4<0>;
v0xc82c56300_0 .net *"_ivl_0", 0 0, L_0x104b2c630;  1 drivers
v0xc82c563a0_0 .net *"_ivl_10", 0 0, L_0x104b23300;  1 drivers
v0xc82c56440_0 .net *"_ivl_4", 0 0, L_0x104b2b690;  1 drivers
v0xc82c564e0_0 .net *"_ivl_6", 0 0, L_0x104b2b700;  1 drivers
v0xc82c56580_0 .net *"_ivl_8", 0 0, L_0x104b23290;  1 drivers
v0xc82c56620_0 .net "a", 0 0, v0xc82c56bc0_0;  1 drivers
v0xc82c566c0_0 .net "b", 0 0, v0xc82c56d00_0;  1 drivers
v0xc82c56760_0 .net "cin", 0 0, v0xc82c56e40_0;  1 drivers
v0xc82c56800_0 .net "cout", 0 0, L_0xc83064000;  alias, 1 drivers
v0xc82c568a0_0 .net "sum", 0 0, L_0x104b2c6a0;  alias, 1 drivers
S_0x104b23110 .scope module, "ha" "half_adder" 2 20, 3 3 0, S_0x104b2cd10;
 .timescale -9 -12;
    .port_info 0 /INPUT 1 "a";
    .port_info 1 /INPUT 1 "b";
    .port_info 2 /OUTPUT 1 "sum";
    .port_info 3 /OUTPUT 1 "carry";
L_0x104b2b870 .functor XOR 1, v0xc82c56bc0_0, v0xc82c56d00_0, C4<0>, C4<0>;
L_0x104b2b8e0 .functor AND 1, v0xc82c56bc0_0, v0xc82c56d00_0, C4<1>, C4<1>;
v0xc82c56940_0 .net "a", 0 0, v0xc82c56bc0_0;  alias, 1 drivers
v0xc82c569e0_0 .net "b", 0 0, v0xc82c56d00_0;  alias, 1 drivers
v0xc82c56a80_0 .net "carry", 0 0, L_0x104b2b8e0;  alias, 1 drivers
v0xc82c56b20_0 .net "sum", 0 0, L_0x104b2b870;  alias, 1 drivers
    .scope S_0x104b2cd10;
T_0 ;
    %vpi_call 2 25 "$dumpfile", "lab03_adders.vcd" {0 0 0};
    %vpi_call 2 26 "$dumpvars", 32'sb00000000000000000000000000000000, S_0x104b2cd10 {0 0 0};
    %vpi_call 2 28 "$display", "Full adder truth table" {0 0 0};
    %vpi_call 2 29 "$display", "a b cin | sum cout" {0 0 0};
    %pushi/vec4 0, 0, 32;
    %store/vec4 v0xc82c57200_0, 0, 32;
T_0.0 ; Top of for-loop
    %load/vec4 v0xc82c57200_0;
    %cmpi/s 8, 0, 32;
	  %jmp/0xz T_0.1, 5;
    %load/vec4 v0xc82c57200_0;
    %parti/s 3, 0, 2;
    %split/vec4 1;
    %store/vec4 v0xc82c56e40_0, 0, 1;
    %split/vec4 1;
    %store/vec4 v0xc82c56d00_0, 0, 1;
    %store/vec4 v0xc82c56bc0_0, 0, 1;
    %delay 10000, 0;
    %vpi_call 2 34 "$display", "%b %b  %b  |  %b    %b", v0xc82c56bc0_0, v0xc82c56d00_0, v0xc82c56e40_0, v0xc82c572a0_0, v0xc82c56f80_0 {0 0 0};
T_0.2 ; for-loop step statement
    %load/vec4 v0xc82c57200_0;
    %addi 1, 0, 32;
    %store/vec4 v0xc82c57200_0, 0, 32;
    %jmp T_0.0;
T_0.1 ; for-loop exit label
    %vpi_call 2 37 "$display", "4-bit adder checks" {0 0 0};
    %pushi/vec4 3, 0, 4;
    %store/vec4 v0xc82c56c60_0, 0, 4;
    %pushi/vec4 5, 0, 4;
    %store/vec4 v0xc82c56da0_0, 0, 4;
    %pushi/vec4 0, 0, 1;
    %store/vec4 v0xc82c56ee0_0, 0, 1;
    %delay 10000, 0;
    %vpi_call 2 39 "$display", "%d + %d + %d = %d carry=%b", v0xc82c56c60_0, v0xc82c56da0_0, v0xc82c56ee0_0, v0xc82c57340_0, v0xc82c57020_0 {0 0 0};
    %pushi/vec4 9, 0, 4;
    %store/vec4 v0xc82c56c60_0, 0, 4;
    %pushi/vec4 7, 0, 4;
    %store/vec4 v0xc82c56da0_0, 0, 4;
    %pushi/vec4 0, 0, 1;
    %store/vec4 v0xc82c56ee0_0, 0, 1;
    %delay 10000, 0;
    %vpi_call 2 42 "$display", "%d + %d + %d = %d carry=%b", v0xc82c56c60_0, v0xc82c56da0_0, v0xc82c56ee0_0, v0xc82c57340_0, v0xc82c57020_0 {0 0 0};
    %pushi/vec4 15, 0, 4;
    %store/vec4 v0xc82c56c60_0, 0, 4;
    %pushi/vec4 15, 0, 4;
    %store/vec4 v0xc82c56da0_0, 0, 4;
    %pushi/vec4 1, 0, 1;
    %store/vec4 v0xc82c56ee0_0, 0, 1;
    %delay 10000, 0;
    %vpi_call 2 45 "$display", "%d + %d + %d = %d carry=%b", v0xc82c56c60_0, v0xc82c56da0_0, v0xc82c56ee0_0, v0xc82c57340_0, v0xc82c57020_0 {0 0 0};
    %vpi_call 2 47 "$finish" {0 0 0};
    %end;
    .thread T_0;
# The file index is used to find the file name in the following table.
:file_names 4;
    "N/A";
    "<interactive>";
    "tb_adders.v";
    "adders.v";
