#! /ucrt64/bin/vvp
:ivl_version "13.0 (stable)" "(v13_0)";
:ivl_delay_selection "TYPICAL";
:vpi_time_precision - 12;
:vpi_module "C:\msys64\ucrt64\lib\ivl\system.vpi";
:vpi_module "C:\msys64\ucrt64\lib\ivl\vhdl_sys.vpi";
:vpi_module "C:\msys64\ucrt64\lib\ivl\vhdl_textio.vpi";
:vpi_module "C:\msys64\ucrt64\lib\ivl\v2005_math.vpi";
:vpi_module "C:\msys64\ucrt64\lib\ivl\va_math.vpi";
S_00000178ae43dde0 .scope module, "tb_traffic_light_controller" "tb_traffic_light_controller" 2 3;
 .timescale -9 -12;
v00000178ae483ae0_0 .var "clk", 0 0;
v00000178ae483860_0 .net "main_light", 2 0, v00000178ae435b90_0;  1 drivers
v00000178ae483400_0 .var "ped_request", 0 0;
v00000178ae483fe0_0 .var "reset", 0 0;
v00000178ae483900_0 .var "school_zone_active", 0 0;
v00000178ae483b80_0 .net "side_light", 2 0, v00000178ae4293c0_0;  1 drivers
v00000178ae4835e0_0 .net "walk_light", 0 0, v00000178ae4837c0_0;  1 drivers
S_00000178ae41aff0 .scope module, "uut" "traffic_light_controller" 2 13, 3 3 0, S_00000178ae43dde0;
 .timescale -9 -12;
    .port_info 0 /INPUT 1 "clk";
    .port_info 1 /INPUT 1 "reset";
    .port_info 2 /INPUT 1 "ped_request";
    .port_info 3 /INPUT 1 "school_zone_active";
    .port_info 4 /OUTPUT 3 "main_light";
    .port_info 5 /OUTPUT 3 "side_light";
    .port_info 6 /OUTPUT 1 "walk_light";
P_00000178ae435810 .param/l "GREEN" 1 3 15, C4<001>;
P_00000178ae435848 .param/l "MG_NORMAL" 1 3 22, C4<10100>;
P_00000178ae435880 .param/l "MG_PED" 1 3 23, C4<00101>;
P_00000178ae4358b8 .param/l "MG_SCHOOL" 1 3 24, C4<00110>;
P_00000178ae4358f0 .param/l "RED" 1 3 13, C4<100>;
P_00000178ae435928 .param/l "SG_NORMAL" 1 3 26, C4<01010>;
P_00000178ae435960 .param/l "SG_SCHOOL" 1 3 27, C4<01110>;
P_00000178ae435998 .param/l "S_MAIN_GREEN" 1 3 17, C4<00>;
P_00000178ae4359d0 .param/l "S_MAIN_YELLOW" 1 3 18, C4<01>;
P_00000178ae435a08 .param/l "S_SIDE_GREEN" 1 3 19, C4<10>;
P_00000178ae435a40 .param/l "S_SIDE_YELLOW" 1 3 20, C4<11>;
P_00000178ae435a78 .param/l "YELLOW" 1 3 14, C4<010>;
P_00000178ae435ab0 .param/l "YLW_TICKS" 1 3 25, C4<00100>;
v00000178ae41b230_0 .net "clk", 0 0, v00000178ae483ae0_0;  1 drivers
v00000178ae435af0_0 .var "limit", 4 0;
v00000178ae435b90_0 .var "main_light", 2 0;
v00000178ae435c30_0 .net "ped_request", 0 0, v00000178ae483400_0;  1 drivers
v00000178ae429280_0 .net "reset", 0 0, v00000178ae483fe0_0;  1 drivers
v00000178ae429320_0 .net "school_zone_active", 0 0, v00000178ae483900_0;  1 drivers
v00000178ae4293c0_0 .var "side_light", 2 0;
v00000178ae482ff0_0 .var "state", 1 0;
v00000178ae4839a0_0 .var "timer", 4 0;
v00000178ae4837c0_0 .var "walk_light", 0 0;
E_00000178ae4192e0 .event posedge, v00000178ae429280_0, v00000178ae41b230_0;
E_00000178ae4194a0 .event anyedge, v00000178ae482ff0_0, v00000178ae429320_0, v00000178ae435c30_0;
    .scope S_00000178ae41aff0;
T_0 ;
    %wait E_00000178ae4194a0;
    %load/vec4 v00000178ae482ff0_0;
    %dup/vec4;
    %pushi/vec4 0, 0, 2;
    %cmp/u;
    %jmp/1 T_0.0, 6;
    %dup/vec4;
    %pushi/vec4 1, 0, 2;
    %cmp/u;
    %jmp/1 T_0.1, 6;
    %dup/vec4;
    %pushi/vec4 2, 0, 2;
    %cmp/u;
    %jmp/1 T_0.2, 6;
    %dup/vec4;
    %pushi/vec4 3, 0, 2;
    %cmp/u;
    %jmp/1 T_0.3, 6;
    %pushi/vec4 1, 0, 3;
    %store/vec4 v00000178ae435b90_0, 0, 3;
    %pushi/vec4 4, 0, 3;
    %store/vec4 v00000178ae4293c0_0, 0, 3;
    %pushi/vec4 0, 0, 1;
    %store/vec4 v00000178ae4837c0_0, 0, 1;
    %pushi/vec4 20, 0, 5;
    %store/vec4 v00000178ae435af0_0, 0, 5;
    %jmp T_0.5;
T_0.0 ;
    %pushi/vec4 1, 0, 3;
    %store/vec4 v00000178ae435b90_0, 0, 3;
    %pushi/vec4 4, 0, 3;
    %store/vec4 v00000178ae4293c0_0, 0, 3;
    %pushi/vec4 0, 0, 1;
    %store/vec4 v00000178ae4837c0_0, 0, 1;
    %load/vec4 v00000178ae429320_0;
    %flag_set/vec4 8;
    %jmp/0xz  T_0.6, 8;
    %pushi/vec4 6, 0, 5;
    %store/vec4 v00000178ae435af0_0, 0, 5;
    %jmp T_0.7;
T_0.6 ;
    %load/vec4 v00000178ae435c30_0;
    %flag_set/vec4 8;
    %jmp/0xz  T_0.8, 8;
    %pushi/vec4 5, 0, 5;
    %store/vec4 v00000178ae435af0_0, 0, 5;
    %jmp T_0.9;
T_0.8 ;
    %pushi/vec4 20, 0, 5;
    %store/vec4 v00000178ae435af0_0, 0, 5;
T_0.9 ;
T_0.7 ;
    %jmp T_0.5;
T_0.1 ;
    %pushi/vec4 2, 0, 3;
    %store/vec4 v00000178ae435b90_0, 0, 3;
    %pushi/vec4 4, 0, 3;
    %store/vec4 v00000178ae4293c0_0, 0, 3;
    %pushi/vec4 0, 0, 1;
    %store/vec4 v00000178ae4837c0_0, 0, 1;
    %pushi/vec4 4, 0, 5;
    %store/vec4 v00000178ae435af0_0, 0, 5;
    %jmp T_0.5;
T_0.2 ;
    %pushi/vec4 4, 0, 3;
    %store/vec4 v00000178ae435b90_0, 0, 3;
    %pushi/vec4 1, 0, 3;
    %store/vec4 v00000178ae4293c0_0, 0, 3;
    %pushi/vec4 1, 0, 1;
    %store/vec4 v00000178ae4837c0_0, 0, 1;
    %load/vec4 v00000178ae429320_0;
    %flag_set/vec4 8;
    %jmp/0xz  T_0.10, 8;
    %pushi/vec4 14, 0, 5;
    %store/vec4 v00000178ae435af0_0, 0, 5;
    %jmp T_0.11;
T_0.10 ;
    %pushi/vec4 10, 0, 5;
    %store/vec4 v00000178ae435af0_0, 0, 5;
T_0.11 ;
    %jmp T_0.5;
T_0.3 ;
    %pushi/vec4 4, 0, 3;
    %store/vec4 v00000178ae435b90_0, 0, 3;
    %pushi/vec4 2, 0, 3;
    %store/vec4 v00000178ae4293c0_0, 0, 3;
    %pushi/vec4 0, 0, 1;
    %store/vec4 v00000178ae4837c0_0, 0, 1;
    %pushi/vec4 4, 0, 5;
    %store/vec4 v00000178ae435af0_0, 0, 5;
    %jmp T_0.5;
T_0.5 ;
    %pop/vec4 1;
    %jmp T_0;
    .thread T_0, $push;
    .scope S_00000178ae41aff0;
T_1 ;
    %wait E_00000178ae4192e0;
    %load/vec4 v00000178ae429280_0;
    %flag_set/vec4 8;
    %jmp/0xz  T_1.0, 8;
    %pushi/vec4 0, 0, 2;
    %assign/vec4 v00000178ae482ff0_0, 0;
    %pushi/vec4 0, 0, 5;
    %assign/vec4 v00000178ae4839a0_0, 0;
    %jmp T_1.1;
T_1.0 ;
    %load/vec4 v00000178ae435af0_0;
    %subi 1, 0, 5;
    %load/vec4 v00000178ae4839a0_0;
    %cmp/u;
    %flag_or 5, 4;
    %jmp/0xz  T_1.2, 5;
    %pushi/vec4 0, 0, 5;
    %assign/vec4 v00000178ae4839a0_0, 0;
    %load/vec4 v00000178ae482ff0_0;
    %dup/vec4;
    %pushi/vec4 0, 0, 2;
    %cmp/u;
    %jmp/1 T_1.4, 6;
    %dup/vec4;
    %pushi/vec4 1, 0, 2;
    %cmp/u;
    %jmp/1 T_1.5, 6;
    %dup/vec4;
    %pushi/vec4 2, 0, 2;
    %cmp/u;
    %jmp/1 T_1.6, 6;
    %dup/vec4;
    %pushi/vec4 3, 0, 2;
    %cmp/u;
    %jmp/1 T_1.7, 6;
    %pushi/vec4 0, 0, 2;
    %assign/vec4 v00000178ae482ff0_0, 0;
    %jmp T_1.9;
T_1.4 ;
    %pushi/vec4 1, 0, 2;
    %assign/vec4 v00000178ae482ff0_0, 0;
    %jmp T_1.9;
T_1.5 ;
    %pushi/vec4 2, 0, 2;
    %assign/vec4 v00000178ae482ff0_0, 0;
    %jmp T_1.9;
T_1.6 ;
    %pushi/vec4 3, 0, 2;
    %assign/vec4 v00000178ae482ff0_0, 0;
    %jmp T_1.9;
T_1.7 ;
    %pushi/vec4 0, 0, 2;
    %assign/vec4 v00000178ae482ff0_0, 0;
    %jmp T_1.9;
T_1.9 ;
    %pop/vec4 1;
    %jmp T_1.3;
T_1.2 ;
    %load/vec4 v00000178ae4839a0_0;
    %addi 1, 0, 5;
    %assign/vec4 v00000178ae4839a0_0, 0;
T_1.3 ;
T_1.1 ;
    %jmp T_1;
    .thread T_1;
    .scope S_00000178ae43dde0;
T_2 ;
    %pushi/vec4 0, 0, 1;
    %store/vec4 v00000178ae483ae0_0, 0, 1;
T_2.0 ;
    %delay 5000, 0;
    %load/vec4 v00000178ae483ae0_0;
    %inv;
    %store/vec4 v00000178ae483ae0_0, 0, 1;
    %jmp T_2.0;
T_2.1 ;
    %end;
    .thread T_2;
    .scope S_00000178ae43dde0;
T_3 ;
    %vpi_call 2 29 "$dumpfile", "lab10_traffic_light.vcd" {0 0 0};
    %vpi_call 2 30 "$dumpvars", 32'sb00000000000000000000000000000000, S_00000178ae43dde0 {0 0 0};
    %pushi/vec4 1, 0, 1;
    %store/vec4 v00000178ae483fe0_0, 0, 1;
    %pushi/vec4 0, 0, 1;
    %store/vec4 v00000178ae483400_0, 0, 1;
    %pushi/vec4 0, 0, 1;
    %store/vec4 v00000178ae483900_0, 0, 1;
    %delay 12000, 0;
    %pushi/vec4 0, 0, 1;
    %store/vec4 v00000178ae483fe0_0, 0, 1;
    %delay 90000, 0;
    %pushi/vec4 1, 0, 1;
    %store/vec4 v00000178ae483400_0, 0, 1;
    %delay 40000, 0;
    %pushi/vec4 0, 0, 1;
    %store/vec4 v00000178ae483400_0, 0, 1;
    %delay 100000, 0;
    %pushi/vec4 1, 0, 1;
    %store/vec4 v00000178ae483fe0_0, 0, 1;
    %delay 10000, 0;
    %pushi/vec4 0, 0, 1;
    %store/vec4 v00000178ae483fe0_0, 0, 1;
    %delay 40000, 0;
    %vpi_call 2 52 "$finish" {0 0 0};
    %end;
    .thread T_3;
# The file index is used to find the file name in the following table.
:file_names 4;
    "N/A";
    "<interactive>";
    "tb_traffic_light_controller.v";
    "traffic_light_controller.v";
