#! /ucrt64/bin/vvp
:ivl_version "13.0 (stable)" "(v13_0)";
:ivl_delay_selection "TYPICAL";
:vpi_time_precision - 12;
:vpi_module "C:\msys64\ucrt64\lib\ivl\system.vpi";
:vpi_module "C:\msys64\ucrt64\lib\ivl\vhdl_sys.vpi";
:vpi_module "C:\msys64\ucrt64\lib\ivl\vhdl_textio.vpi";
:vpi_module "C:\msys64\ucrt64\lib\ivl\v2005_math.vpi";
:vpi_module "C:\msys64\ucrt64\lib\ivl\va_math.vpi";
S_000001b745159fb0 .scope module, "tb_logic_gates" "tb_logic_gates" 2 3;
 .timescale -9 -12;
v000001b745157c30_0 .var "a", 0 0;
v000001b745158270_0 .net "and_y", 0 0, L_000001b745157360;  1 drivers
v000001b745157ff0_0 .var "b", 0 0;
v000001b745158630_0 .var/i "i", 31 0;
v000001b7451577d0_0 .net "nand_y", 0 0, L_000001b745157050;  1 drivers
v000001b745158090_0 .net "nor_y", 0 0, L_000001b7451573d0;  1 drivers
v000001b745158590_0 .net "not_a_y", 0 0, L_000001b7451572f0;  1 drivers
v000001b745157870_0 .net "or_y", 0 0, L_000001b745156f70;  1 drivers
v000001b745158310_0 .net "xnor_y", 0 0, L_000001b745156d40;  1 drivers
v000001b745157af0_0 .net "xor_y", 0 0, L_000001b745156e90;  1 drivers
S_000001b74515a510 .scope module, "uut" "logic_gates" 2 16, 3 3 0, S_000001b745159fb0;
 .timescale -9 -12;
    .port_info 0 /INPUT 1 "a";
    .port_info 1 /INPUT 1 "b";
    .port_info 2 /OUTPUT 1 "and_y";
    .port_info 3 /OUTPUT 1 "or_y";
    .port_info 4 /OUTPUT 1 "not_a_y";
    .port_info 5 /OUTPUT 1 "xor_y";
    .port_info 6 /OUTPUT 1 "nand_y";
    .port_info 7 /OUTPUT 1 "nor_y";
    .port_info 8 /OUTPUT 1 "xnor_y";
L_000001b745157360 .functor AND 1, v000001b745157c30_0, v000001b745157ff0_0, C4<1>, C4<1>;
L_000001b745156f70 .functor OR 1, v000001b745157c30_0, v000001b745157ff0_0, C4<0>, C4<0>;
L_000001b7451572f0 .functor NOT 1, v000001b745157c30_0, C4<0>, C4<0>, C4<0>;
L_000001b745156e90 .functor XOR 1, v000001b745157c30_0, v000001b745157ff0_0, C4<0>, C4<0>;
L_000001b745156e20 .functor AND 1, v000001b745157c30_0, v000001b745157ff0_0, C4<1>, C4<1>;
L_000001b745157050 .functor NOT 1, L_000001b745156e20, C4<0>, C4<0>, C4<0>;
L_000001b745156fe0 .functor OR 1, v000001b745157c30_0, v000001b745157ff0_0, C4<0>, C4<0>;
L_000001b7451573d0 .functor NOT 1, L_000001b745156fe0, C4<0>, C4<0>, C4<0>;
L_000001b745157440 .functor XOR 1, v000001b745157c30_0, v000001b745157ff0_0, C4<0>, C4<0>;
L_000001b745156d40 .functor NOT 1, L_000001b745157440, C4<0>, C4<0>, C4<0>;
v000001b745157f50_0 .net *"_ivl_12", 0 0, L_000001b745156fe0;  1 drivers
v000001b745157cd0_0 .net *"_ivl_16", 0 0, L_000001b745157440;  1 drivers
v000001b745157d70_0 .net *"_ivl_8", 0 0, L_000001b745156e20;  1 drivers
v000001b7451584f0_0 .net "a", 0 0, v000001b745157c30_0;  1 drivers
v000001b745157e10_0 .net "and_y", 0 0, L_000001b745157360;  alias, 1 drivers
v000001b7451581d0_0 .net "b", 0 0, v000001b745157ff0_0;  1 drivers
v000001b745157a50_0 .net "nand_y", 0 0, L_000001b745157050;  alias, 1 drivers
v000001b745157910_0 .net "nor_y", 0 0, L_000001b7451573d0;  alias, 1 drivers
v000001b7451583b0_0 .net "not_a_y", 0 0, L_000001b7451572f0;  alias, 1 drivers
v000001b745157eb0_0 .net "or_y", 0 0, L_000001b745156f70;  alias, 1 drivers
v000001b745158450_0 .net "xnor_y", 0 0, L_000001b745156d40;  alias, 1 drivers
v000001b7451586d0_0 .net "xor_y", 0 0, L_000001b745156e90;  alias, 1 drivers
    .scope S_000001b745159fb0;
T_0 ;
    %vpi_call 2 29 "$dumpfile", "lab02_logic_gates.vcd" {0 0 0};
    %vpi_call 2 30 "$dumpvars", 32'sb00000000000000000000000000000000, S_000001b745159fb0 {0 0 0};
    %vpi_call 2 32 "$display", "a b | and or not_a xor nand nor xnor" {0 0 0};
    %vpi_call 2 33 "$display", "-------------------------------------" {0 0 0};
    %pushi/vec4 0, 0, 32;
    %store/vec4 v000001b745158630_0, 0, 32;
T_0.0 ; Top of for-loop
    %load/vec4 v000001b745158630_0;
    %cmpi/s 4, 0, 32;
	  %jmp/0xz T_0.1, 5;
    %load/vec4 v000001b745158630_0;
    %parti/s 2, 0, 2;
    %split/vec4 1;
    %store/vec4 v000001b745157ff0_0, 0, 1;
    %store/vec4 v000001b745157c30_0, 0, 1;
    %delay 10000, 0;
    %vpi_call 2 38 "$display", "%b %b |  %b   %b    %b    %b    %b    %b    %b", v000001b745157c30_0, v000001b745157ff0_0, v000001b745158270_0, v000001b745157870_0, v000001b745158590_0, v000001b745157af0_0, v000001b7451577d0_0, v000001b745158090_0, v000001b745158310_0 {0 0 0};
T_0.2 ; for-loop step statement
    %load/vec4 v000001b745158630_0;
    %addi 1, 0, 32;
    %store/vec4 v000001b745158630_0, 0, 32;
    %jmp T_0.0;
T_0.1 ; for-loop exit label
    %vpi_call 2 42 "$finish" {0 0 0};
    %end;
    .thread T_0;
# The file index is used to find the file name in the following table.
:file_names 4;
    "N/A";
    "<interactive>";
    "tb_logic_gates.v";
    "logic_gates.v";
