#! /ucrt64/bin/vvp
:ivl_version "13.0 (stable)" "(v13_0)";
:ivl_delay_selection "TYPICAL";
:vpi_time_precision - 12;
:vpi_module "C:\msys64\ucrt64\lib\ivl\system.vpi";
:vpi_module "C:\msys64\ucrt64\lib\ivl\vhdl_sys.vpi";
:vpi_module "C:\msys64\ucrt64\lib\ivl\vhdl_textio.vpi";
:vpi_module "C:\msys64\ucrt64\lib\ivl\v2005_math.vpi";
:vpi_module "C:\msys64\ucrt64\lib\ivl\va_math.vpi";
S_00000198f14ddcc0 .scope module, "tb_traffic_light_controller" "tb_traffic_light_controller" 2 3;
 .timescale -9 -12;
v00000198f146f2e0_0 .var "clk", 0 0;
v00000198f146fc40_0 .net "main_light", 2 0, v00000198f146f7e0_0;  1 drivers
v00000198f146fce0_0 .var "ped_request", 0 0;
v00000198f1528700_0 .var "reset", 0 0;
v00000198f15282a0_0 .net "side_light", 2 0, v00000198f146f920_0;  1 drivers
v00000198f1528ac0_0 .net "walk_light", 0 0, v00000198f146fba0_0;  1 drivers
E_00000198f14bd860 .event posedge, v00000198f14701e0_0;
S_00000198f14ba7e0 .scope module, "uut" "traffic_light_controller" 2 12, 3 3 0, S_00000198f14ddcc0;
 .timescale -9 -12;
    .port_info 0 /INPUT 1 "clk";
    .port_info 1 /INPUT 1 "reset";
    .port_info 2 /INPUT 1 "ped_request";
    .port_info 3 /OUTPUT 3 "main_light";
    .port_info 4 /OUTPUT 3 "side_light";
    .port_info 5 /OUTPUT 1 "walk_light";
P_00000198f14ba970 .param/l "GREEN" 1 3 14, C4<001>;
P_00000198f14ba9a8 .param/l "RED" 1 3 12, C4<100>;
P_00000198f14ba9e0 .param/l "S_BOAT_GO" 1 3 18, C4<10>;
P_00000198f14baa18 .param/l "S_BOAT_WARN" 1 3 19, C4<11>;
P_00000198f14baa50 .param/l "S_TRAIN_GO" 1 3 16, C4<00>;
P_00000198f14baa88 .param/l "S_TRAIN_WARN" 1 3 17, C4<01>;
P_00000198f14baac0 .param/l "YELLOW" 1 3 13, C4<010>;
v00000198f1470000_0 .var "boat_latched", 0 0;
v00000198f14701e0_0 .net "clk", 0 0, v00000198f146f2e0_0;  1 drivers
v00000198f146f740_0 .var "counter", 4 0;
v00000198f146f7e0_0 .var "main_light", 2 0;
v00000198f146f880_0 .var "next_state", 1 0;
v00000198f146ff60_0 .net "ped_request", 0 0, v00000198f146fce0_0;  1 drivers
v00000198f146fa60_0 .net "reset", 0 0, v00000198f1528700_0;  1 drivers
v00000198f146f920_0 .var "side_light", 2 0;
v00000198f146fb00_0 .var "state", 1 0;
v00000198f146fba0_0 .var "walk_light", 0 0;
E_00000198f14bd220 .event anyedge, v00000198f146fb00_0;
E_00000198f14bc9e0 .event anyedge, v00000198f146fb00_0, v00000198f1470000_0, v00000198f146f740_0;
E_00000198f14bd720 .event posedge, v00000198f146fa60_0, v00000198f14701e0_0;
    .scope S_00000198f14ba7e0;
T_0 ;
    %wait E_00000198f14bd720;
    %load/vec4 v00000198f146fa60_0;
    %flag_set/vec4 8;
    %jmp/0xz  T_0.0, 8;
    %pushi/vec4 0, 0, 2;
    %assign/vec4 v00000198f146fb00_0, 0;
    %pushi/vec4 0, 0, 5;
    %assign/vec4 v00000198f146f740_0, 0;
    %pushi/vec4 0, 0, 1;
    %assign/vec4 v00000198f1470000_0, 0;
    %jmp T_0.1;
T_0.0 ;
    %load/vec4 v00000198f146f880_0;
    %assign/vec4 v00000198f146fb00_0, 0;
    %load/vec4 v00000198f146fb00_0;
    %load/vec4 v00000198f146f880_0;
    %cmp/ne;
    %jmp/0xz  T_0.2, 4;
    %pushi/vec4 0, 0, 5;
    %assign/vec4 v00000198f146f740_0, 0;
    %jmp T_0.3;
T_0.2 ;
    %load/vec4 v00000198f146f740_0;
    %addi 1, 0, 5;
    %assign/vec4 v00000198f146f740_0, 0;
T_0.3 ;
    %load/vec4 v00000198f146ff60_0;
    %flag_set/vec4 8;
    %jmp/0xz  T_0.4, 8;
    %pushi/vec4 1, 0, 1;
    %assign/vec4 v00000198f1470000_0, 0;
    %jmp T_0.5;
T_0.4 ;
    %load/vec4 v00000198f146fb00_0;
    %cmpi/e 0, 0, 2;
    %flag_get/vec4 4;
    %jmp/0 T_0.8, 4;
    %load/vec4 v00000198f146f880_0;
    %pushi/vec4 1, 0, 2;
    %cmp/e;
    %flag_get/vec4 4;
    %and;
T_0.8;
    %flag_set/vec4 8;
    %jmp/0xz  T_0.6, 8;
    %pushi/vec4 0, 0, 1;
    %assign/vec4 v00000198f1470000_0, 0;
T_0.6 ;
T_0.5 ;
T_0.1 ;
    %jmp T_0;
    .thread T_0;
    .scope S_00000198f14ba7e0;
T_1 ;
    %wait E_00000198f14bc9e0;
    %load/vec4 v00000198f146fb00_0;
    %store/vec4 v00000198f146f880_0, 0, 2;
    %load/vec4 v00000198f146fb00_0;
    %dup/vec4;
    %pushi/vec4 0, 0, 2;
    %cmp/u;
    %jmp/1 T_1.0, 6;
    %dup/vec4;
    %pushi/vec4 1, 0, 2;
    %cmp/u;
    %jmp/1 T_1.1, 6;
    %dup/vec4;
    %pushi/vec4 2, 0, 2;
    %cmp/u;
    %jmp/1 T_1.2, 6;
    %dup/vec4;
    %pushi/vec4 3, 0, 2;
    %cmp/u;
    %jmp/1 T_1.3, 6;
    %jmp T_1.4;
T_1.0 ;
    %load/vec4 v00000198f1470000_0;
    %flag_set/vec4 9;
    %flag_get/vec4 9;
    %jmp/0 T_1.7, 9;
    %pushi/vec4 4, 0, 32;
    %load/vec4 v00000198f146f740_0;
    %pad/u 32;
    %cmp/u;
    %flag_get/vec4 4;
    %flag_get/vec4 5;
    %or;
    %and;
T_1.7;
    %flag_set/vec4 8;
    %jmp/0xz  T_1.5, 8;
    %pushi/vec4 1, 0, 2;
    %store/vec4 v00000198f146f880_0, 0, 2;
    %jmp T_1.6;
T_1.5 ;
    %load/vec4 v00000198f1470000_0;
    %nor/r;
    %flag_set/vec4 9;
    %flag_get/vec4 9;
    %jmp/0 T_1.10, 9;
    %pushi/vec4 19, 0, 32;
    %load/vec4 v00000198f146f740_0;
    %pad/u 32;
    %cmp/u;
    %flag_get/vec4 4;
    %flag_get/vec4 5;
    %or;
    %and;
T_1.10;
    %flag_set/vec4 8;
    %jmp/0xz  T_1.8, 8;
    %pushi/vec4 1, 0, 2;
    %store/vec4 v00000198f146f880_0, 0, 2;
T_1.8 ;
T_1.6 ;
    %jmp T_1.4;
T_1.1 ;
    %load/vec4 v00000198f146f740_0;
    %pad/u 32;
    %cmpi/u 3, 0, 32;
    %flag_inv 5; GE is !LT
    %jmp/0xz  T_1.11, 5;
    %pushi/vec4 2, 0, 2;
    %store/vec4 v00000198f146f880_0, 0, 2;
T_1.11 ;
    %jmp T_1.4;
T_1.2 ;
    %load/vec4 v00000198f146f740_0;
    %pad/u 32;
    %cmpi/u 9, 0, 32;
    %flag_inv 5; GE is !LT
    %jmp/0xz  T_1.13, 5;
    %pushi/vec4 3, 0, 2;
    %store/vec4 v00000198f146f880_0, 0, 2;
T_1.13 ;
    %jmp T_1.4;
T_1.3 ;
    %load/vec4 v00000198f146f740_0;
    %pad/u 32;
    %cmpi/u 3, 0, 32;
    %flag_inv 5; GE is !LT
    %jmp/0xz  T_1.15, 5;
    %pushi/vec4 0, 0, 2;
    %store/vec4 v00000198f146f880_0, 0, 2;
T_1.15 ;
    %jmp T_1.4;
T_1.4 ;
    %pop/vec4 1;
    %jmp T_1;
    .thread T_1, $push;
    .scope S_00000198f14ba7e0;
T_2 ;
    %wait E_00000198f14bd220;
    %pushi/vec4 4, 0, 3;
    %store/vec4 v00000198f146f7e0_0, 0, 3;
    %pushi/vec4 4, 0, 3;
    %store/vec4 v00000198f146f920_0, 0, 3;
    %pushi/vec4 0, 0, 1;
    %store/vec4 v00000198f146fba0_0, 0, 1;
    %load/vec4 v00000198f146fb00_0;
    %dup/vec4;
    %pushi/vec4 0, 0, 2;
    %cmp/u;
    %jmp/1 T_2.0, 6;
    %dup/vec4;
    %pushi/vec4 1, 0, 2;
    %cmp/u;
    %jmp/1 T_2.1, 6;
    %dup/vec4;
    %pushi/vec4 2, 0, 2;
    %cmp/u;
    %jmp/1 T_2.2, 6;
    %dup/vec4;
    %pushi/vec4 3, 0, 2;
    %cmp/u;
    %jmp/1 T_2.3, 6;
    %jmp T_2.4;
T_2.0 ;
    %pushi/vec4 1, 0, 3;
    %store/vec4 v00000198f146f7e0_0, 0, 3;
    %pushi/vec4 4, 0, 3;
    %store/vec4 v00000198f146f920_0, 0, 3;
    %jmp T_2.4;
T_2.1 ;
    %pushi/vec4 2, 0, 3;
    %store/vec4 v00000198f146f7e0_0, 0, 3;
    %pushi/vec4 4, 0, 3;
    %store/vec4 v00000198f146f920_0, 0, 3;
    %jmp T_2.4;
T_2.2 ;
    %pushi/vec4 4, 0, 3;
    %store/vec4 v00000198f146f7e0_0, 0, 3;
    %pushi/vec4 1, 0, 3;
    %store/vec4 v00000198f146f920_0, 0, 3;
    %pushi/vec4 1, 0, 1;
    %store/vec4 v00000198f146fba0_0, 0, 1;
    %jmp T_2.4;
T_2.3 ;
    %pushi/vec4 4, 0, 3;
    %store/vec4 v00000198f146f7e0_0, 0, 3;
    %pushi/vec4 2, 0, 3;
    %store/vec4 v00000198f146f920_0, 0, 3;
    %pushi/vec4 1, 0, 1;
    %store/vec4 v00000198f146fba0_0, 0, 1;
    %jmp T_2.4;
T_2.4 ;
    %pop/vec4 1;
    %jmp T_2;
    .thread T_2, $push;
    .scope S_00000198f14ddcc0;
T_3 ;
    %delay 5000, 0;
    %load/vec4 v00000198f146f2e0_0;
    %inv;
    %store/vec4 v00000198f146f2e0_0, 0, 1;
    %jmp T_3;
    .thread T_3;
    .scope S_00000198f14ddcc0;
T_4 ;
    %wait E_00000198f14bd860;
    %vpi_call 2 24 "$display", "t=%0t state=%b counter=%0d latched=%b main=%b side=%b walk=%b ped=%b", $time, v00000198f146fb00_0, v00000198f146f740_0, v00000198f1470000_0, v00000198f146fc40_0, v00000198f15282a0_0, v00000198f1528ac0_0, v00000198f146fce0_0 {0 0 0};
    %jmp T_4;
    .thread T_4;
    .scope S_00000198f14ddcc0;
T_5 ;
    %vpi_call 2 30 "$dumpfile", "tb_traffic_light_controller.vcd" {0 0 0};
    %vpi_call 2 31 "$dumpvars", 32'sb00000000000000000000000000000000, S_00000198f14ddcc0 {0 0 0};
    %pushi/vec4 0, 0, 1;
    %store/vec4 v00000198f146f2e0_0, 0, 1;
    %pushi/vec4 1, 0, 1;
    %store/vec4 v00000198f1528700_0, 0, 1;
    %pushi/vec4 0, 0, 1;
    %store/vec4 v00000198f146fce0_0, 0, 1;
    %delay 20000, 0;
    %pushi/vec4 0, 0, 1;
    %store/vec4 v00000198f1528700_0, 0, 1;
    %delay 380000, 0;
    %delay 5000, 0;
    %pushi/vec4 1, 0, 1;
    %store/vec4 v00000198f146fce0_0, 0, 1;
    %delay 10000, 0;
    %pushi/vec4 0, 0, 1;
    %store/vec4 v00000198f146fce0_0, 0, 1;
    %delay 230000, 0;
    %delay 60000, 0;
    %vpi_call 2 47 "$finish" {0 0 0};
    %end;
    .thread T_5;
# The file index is used to find the file name in the following table.
:file_names 4;
    "N/A";
    "<interactive>";
    "tb_traffic_light_controller.v";
    "traffic_light_controller.v";
