#! /ucrt64/bin/vvp
:ivl_version "13.0 (stable)" "(v13_0)";
:ivl_delay_selection "TYPICAL";
:vpi_time_precision - 12;
:vpi_module "C:\msys64\ucrt64\lib\ivl\system.vpi";
:vpi_module "C:\msys64\ucrt64\lib\ivl\vhdl_sys.vpi";
:vpi_module "C:\msys64\ucrt64\lib\ivl\vhdl_textio.vpi";
:vpi_module "C:\msys64\ucrt64\lib\ivl\v2005_math.vpi";
:vpi_module "C:\msys64\ucrt64\lib\ivl\va_math.vpi";
S_000001e0c71c6180 .scope module, "tb_latch_flipflop" "tb_latch_flipflop" 2 3;
 .timescale -9 -12;
v000001e0c722b900_0 .var "clk", 0 0;
v000001e0c722b4a0_0 .var "d", 0 0;
v000001e0c722b180_0 .var "enable", 0 0;
v000001e0c722b7c0_0 .net "q_ff_async", 0 0, v000001e0c719cc30_0;  1 drivers
v000001e0c722b9a0_0 .net "q_ff_sync", 0 0, v000001e0c71c63b0_0;  1 drivers
v000001e0c722bae0_0 .net "q_latch", 0 0, v000001e0c722ba40_0;  1 drivers
v000001e0c722b400_0 .var "reset", 0 0;
v000001e0c722b5e0_0 .var "reset_n", 0 0;
S_000001e0c71dd310 .scope module, "ff0" "d_flip_flop" 2 14, 3 15 0, S_000001e0c71c6180;
 .timescale -9 -12;
    .port_info 0 /INPUT 1 "d";
    .port_info 1 /INPUT 1 "clk";
    .port_info 2 /INPUT 1 "reset";
    .port_info 3 /OUTPUT 1 "q";
v000001e0c71c6310_0 .net "clk", 0 0, v000001e0c722b900_0;  1 drivers
v000001e0c71db040_0 .net "d", 0 0, v000001e0c722b4a0_0;  1 drivers
v000001e0c71c63b0_0 .var "q", 0 0;
v000001e0c71dd4a0_0 .net "reset", 0 0, v000001e0c722b400_0;  1 drivers
E_000001e0c71c6870 .event posedge, v000001e0c71c6310_0;
S_000001e0c71dd540 .scope module, "ff1" "dff_async_reset" 2 15, 3 30 0, S_000001e0c71c6180;
 .timescale -9 -12;
    .port_info 0 /INPUT 1 "d";
    .port_info 1 /INPUT 1 "clk";
    .port_info 2 /INPUT 1 "reset_n";
    .port_info 3 /OUTPUT 1 "q_ff";
v000001e0c71dd6d0_0 .net "clk", 0 0, v000001e0c722b900_0;  alias, 1 drivers
v000001e0c719cb90_0 .net "d", 0 0, v000001e0c722b4a0_0;  alias, 1 drivers
v000001e0c719cc30_0 .var "q_ff", 0 0;
v000001e0c722b540_0 .net "reset_n", 0 0, v000001e0c722b5e0_0;  1 drivers
E_000001e0c71c7030/0 .event negedge, v000001e0c722b540_0;
E_000001e0c71c7030/1 .event posedge, v000001e0c71c6310_0;
E_000001e0c71c7030 .event/or E_000001e0c71c7030/0, E_000001e0c71c7030/1;
S_000001e0c719ccd0 .scope module, "latch0" "d_latch" 2 13, 3 3 0, S_000001e0c71c6180;
 .timescale -9 -12;
    .port_info 0 /INPUT 1 "d";
    .port_info 1 /INPUT 1 "enable";
    .port_info 2 /OUTPUT 1 "q_latch";
v000001e0c722b220_0 .net "d", 0 0, v000001e0c722b4a0_0;  alias, 1 drivers
v000001e0c722b2c0_0 .net "enable", 0 0, v000001e0c722b180_0;  1 drivers
v000001e0c722ba40_0 .var "q_latch", 0 0;
E_000001e0c71c7270 .event anyedge, v000001e0c722b2c0_0, v000001e0c71db040_0;
    .scope S_000001e0c719ccd0;
T_0 ;
    %wait E_000001e0c71c7270;
    %load/vec4 v000001e0c722b2c0_0;
    %flag_set/vec4 8;
    %jmp/0xz  T_0.0, 8;
    %load/vec4 v000001e0c722b220_0;
    %store/vec4 v000001e0c722ba40_0, 0, 1;
T_0.0 ;
    %jmp T_0;
    .thread T_0, $push;
    .scope S_000001e0c71dd310;
T_1 ;
    %wait E_000001e0c71c6870;
    %load/vec4 v000001e0c71dd4a0_0;
    %flag_set/vec4 8;
    %jmp/0xz  T_1.0, 8;
    %pushi/vec4 0, 0, 1;
    %assign/vec4 v000001e0c71c63b0_0, 0;
    %jmp T_1.1;
T_1.0 ;
    %load/vec4 v000001e0c71db040_0;
    %assign/vec4 v000001e0c71c63b0_0, 0;
T_1.1 ;
    %jmp T_1;
    .thread T_1;
    .scope S_000001e0c71dd540;
T_2 ;
    %wait E_000001e0c71c7030;
    %load/vec4 v000001e0c722b540_0;
    %nor/r;
    %flag_set/vec4 8;
    %jmp/0xz  T_2.0, 8;
    %pushi/vec4 0, 0, 1;
    %assign/vec4 v000001e0c719cc30_0, 0;
    %jmp T_2.1;
T_2.0 ;
    %load/vec4 v000001e0c719cb90_0;
    %assign/vec4 v000001e0c719cc30_0, 0;
T_2.1 ;
    %jmp T_2;
    .thread T_2;
    .scope S_000001e0c71c6180;
T_3 ;
    %pushi/vec4 0, 0, 1;
    %store/vec4 v000001e0c722b900_0, 0, 1;
T_3.0 ;
    %delay 5000, 0;
    %load/vec4 v000001e0c722b900_0;
    %inv;
    %store/vec4 v000001e0c722b900_0, 0, 1;
    %jmp T_3.0;
T_3.1 ;
    %end;
    .thread T_3;
    .scope S_000001e0c71c6180;
T_4 ;
    %vpi_call 2 23 "$dumpfile", "lab06_latch_flipflop.vcd" {0 0 0};
    %vpi_call 2 24 "$dumpvars", 32'sb00000000000000000000000000000000, S_000001e0c71c6180 {0 0 0};
    %pushi/vec4 0, 0, 1;
    %store/vec4 v000001e0c722b4a0_0, 0, 1;
    %pushi/vec4 0, 0, 1;
    %store/vec4 v000001e0c722b180_0, 0, 1;
    %pushi/vec4 1, 0, 1;
    %store/vec4 v000001e0c722b400_0, 0, 1;
    %pushi/vec4 0, 0, 1;
    %store/vec4 v000001e0c722b5e0_0, 0, 1;
    %delay 12000, 0;
    %pushi/vec4 0, 0, 1;
    %store/vec4 v000001e0c722b400_0, 0, 1;
    %pushi/vec4 1, 0, 1;
    %store/vec4 v000001e0c722b5e0_0, 0, 1;
    %delay 10000, 0;
    %pushi/vec4 1, 0, 1;
    %store/vec4 v000001e0c722b180_0, 0, 1;
    %pushi/vec4 1, 0, 1;
    %store/vec4 v000001e0c722b4a0_0, 0, 1;
    %delay 12000, 0;
    %pushi/vec4 0, 0, 1;
    %store/vec4 v000001e0c722b180_0, 0, 1;
    %pushi/vec4 0, 0, 1;
    %store/vec4 v000001e0c722b4a0_0, 0, 1;
    %delay 10000, 0;
    %pushi/vec4 1, 0, 1;
    %store/vec4 v000001e0c722b180_0, 0, 1;
    %delay 14000, 0;
    %pushi/vec4 1, 0, 1;
    %store/vec4 v000001e0c722b4a0_0, 0, 1;
    %delay 3000, 0;
    %pushi/vec4 0, 0, 1;
    %store/vec4 v000001e0c722b5e0_0, 0, 1;
    %delay 4000, 0;
    %pushi/vec4 1, 0, 1;
    %store/vec4 v000001e0c722b5e0_0, 0, 1;
    %delay 13000, 0;
    %pushi/vec4 0, 0, 1;
    %store/vec4 v000001e0c722b4a0_0, 0, 1;
    %delay 10000, 0;
    %pushi/vec4 1, 0, 1;
    %store/vec4 v000001e0c722b4a0_0, 0, 1;
    %delay 10000, 0;
    %vpi_call 2 62 "$finish" {0 0 0};
    %end;
    .thread T_4;
# The file index is used to find the file name in the following table.
:file_names 4;
    "N/A";
    "<interactive>";
    "tb_latch_flipflop.v";
    "latch_flipflop.v";
