#! /ucrt64/bin/vvp
:ivl_version "13.0 (stable)" "(v13_0)";
:ivl_delay_selection "TYPICAL";
:vpi_time_precision - 12;
:vpi_module "C:\msys64\ucrt64\lib\ivl\system.vpi";
:vpi_module "C:\msys64\ucrt64\lib\ivl\vhdl_sys.vpi";
:vpi_module "C:\msys64\ucrt64\lib\ivl\vhdl_textio.vpi";
:vpi_module "C:\msys64\ucrt64\lib\ivl\v2005_math.vpi";
:vpi_module "C:\msys64\ucrt64\lib\ivl\va_math.vpi";
S_000002888c32d260 .scope module, "tb_shift_register" "tb_shift_register" 2 3;
 .timescale -9 -12;
v000002888c32ac40_0 .var "clk", 0 0;
v000002888c32b640_0 .var "direction", 0 0;
v000002888c32b6e0_0 .var "load", 0 0;
v000002888c32b000_0 .var "parallel_in", 3 0;
v000002888c32a9c0_0 .net "q", 3 0, v000002888c32af60_0;  1 drivers
v000002888c32b780_0 .var "reset", 0 0;
v000002888c32ab00_0 .var "serial_in", 0 0;
v000002888c32aba0_0 .net "serial_out", 0 0, L_000002888c32b0a0;  1 drivers
S_000002888c329040 .scope module, "uut" "shift_register4" 2 13, 3 3 0, S_000002888c32d260;
 .timescale -9 -12;
    .port_info 0 /INPUT 1 "clk";
    .port_info 1 /INPUT 1 "reset";
    .port_info 2 /INPUT 1 "load";
    .port_info 3 /INPUT 1 "direction";
    .port_info 4 /INPUT 1 "serial_in";
    .port_info 5 /INPUT 4 "parallel_in";
    .port_info 6 /OUTPUT 4 "q";
    .port_info 7 /OUTPUT 1 "serial_out";
v000002888c32aa60_0 .net *"_ivl_1", 0 0, L_000002888c32ae20;  1 drivers
v000002888c32b820_0 .net *"_ivl_3", 0 0, L_000002888c32ace0;  1 drivers
v000002888c32ad80_0 .net "clk", 0 0, v000002888c32ac40_0;  1 drivers
v000002888c32b8c0_0 .net "direction", 0 0, v000002888c32b640_0;  1 drivers
v000002888c32aec0_0 .net "load", 0 0, v000002888c32b6e0_0;  1 drivers
v000002888c32b3c0_0 .net "parallel_in", 3 0, v000002888c32b000_0;  1 drivers
v000002888c32af60_0 .var "q", 3 0;
v000002888c32b460_0 .net "reset", 0 0, v000002888c32b780_0;  1 drivers
v000002888c32b500_0 .net "serial_in", 0 0, v000002888c32ab00_0;  1 drivers
v000002888c32b5a0_0 .net "serial_out", 0 0, L_000002888c32b0a0;  alias, 1 drivers
E_000002888c3302e0 .event posedge, v000002888c32ad80_0;
L_000002888c32ae20 .part v000002888c32af60_0, 3, 1;
L_000002888c32ace0 .part v000002888c32af60_0, 0, 1;
L_000002888c32b0a0 .functor MUXZ 1, L_000002888c32ace0, L_000002888c32ae20, v000002888c32b640_0, C4<>;
    .scope S_000002888c329040;
T_0 ;
    %wait E_000002888c3302e0;
    %load/vec4 v000002888c32b460_0;
    %flag_set/vec4 8;
    %jmp/0xz  T_0.0, 8;
    %pushi/vec4 0, 0, 4;
    %assign/vec4 v000002888c32af60_0, 0;
    %jmp T_0.1;
T_0.0 ;
    %load/vec4 v000002888c32aec0_0;
    %flag_set/vec4 8;
    %jmp/0xz  T_0.2, 8;
    %load/vec4 v000002888c32b3c0_0;
    %assign/vec4 v000002888c32af60_0, 0;
    %jmp T_0.3;
T_0.2 ;
    %load/vec4 v000002888c32b8c0_0;
    %flag_set/vec4 8;
    %jmp/0xz  T_0.4, 8;
    %load/vec4 v000002888c32af60_0;
    %parti/s 3, 0, 2;
    %load/vec4 v000002888c32b500_0;
    %concat/vec4; draw_concat_vec4
    %assign/vec4 v000002888c32af60_0, 0;
    %jmp T_0.5;
T_0.4 ;
    %load/vec4 v000002888c32b500_0;
    %load/vec4 v000002888c32af60_0;
    %parti/s 3, 1, 2;
    %concat/vec4; draw_concat_vec4
    %assign/vec4 v000002888c32af60_0, 0;
T_0.5 ;
T_0.3 ;
T_0.1 ;
    %jmp T_0;
    .thread T_0;
    .scope S_000002888c32d260;
T_1 ;
    %pushi/vec4 0, 0, 1;
    %store/vec4 v000002888c32ac40_0, 0, 1;
T_1.0 ;
    %delay 5000, 0;
    %load/vec4 v000002888c32ac40_0;
    %inv;
    %store/vec4 v000002888c32ac40_0, 0, 1;
    %jmp T_1.0;
T_1.1 ;
    %end;
    .thread T_1;
    .scope S_000002888c32d260;
T_2 ;
    %wait E_000002888c3302e0;
    %vpi_call 2 30 "$strobe", "%0t\011 %b\011 %b\011 %b\011 %b\011 %b\011\011 %b\011 %b\011 %b", $time, v000002888c32ac40_0, v000002888c32b780_0, v000002888c32b6e0_0, v000002888c32b640_0, v000002888c32ab00_0, v000002888c32b000_0, v000002888c32a9c0_0, v000002888c32aba0_0 {0 0 0};
    %jmp T_2;
    .thread T_2;
    .scope S_000002888c32d260;
T_3 ;
    %vpi_call 2 35 "$dumpfile", "lab08_shift_register.vcd" {0 0 0};
    %vpi_call 2 36 "$dumpvars", 32'sb00000000000000000000000000000000, S_000002888c32d260 {0 0 0};
    %vpi_call 2 38 "$display", "\000" {0 0 0};
    %vpi_call 2 39 "$display", "               Lab 08 - Shift Register Testbench with Challenge" {0 0 0};
    %vpi_call 2 40 "$display", "           =======================================================" {0 0 0};
    %vpi_call 2 41 "$display", "\000" {0 0 0};
    %vpi_call 2 42 "$display", " Time\011clk\011rst\011load\011direction\011s_in\011p_in\011 q\011s_out" {0 0 0};
    %vpi_call 2 43 "$display", "---------------------------------------------------------------" {0 0 0};
    %pushi/vec4 0, 0, 1;
    %store/vec4 v000002888c32ac40_0, 0, 1;
    %pushi/vec4 1, 0, 1;
    %store/vec4 v000002888c32b780_0, 0, 1;
    %pushi/vec4 0, 0, 1;
    %store/vec4 v000002888c32b6e0_0, 0, 1;
    %pushi/vec4 0, 0, 1;
    %store/vec4 v000002888c32b640_0, 0, 1;
    %pushi/vec4 0, 0, 1;
    %store/vec4 v000002888c32ab00_0, 0, 1;
    %pushi/vec4 10, 0, 4;
    %store/vec4 v000002888c32b000_0, 0, 4;
    %delay 10000, 0;
    %pushi/vec4 0, 0, 1;
    %store/vec4 v000002888c32b780_0, 0, 1;
    %delay 10000, 0;
    %pushi/vec4 1, 0, 1;
    %store/vec4 v000002888c32b6e0_0, 0, 1;
    %delay 10000, 0;
    %pushi/vec4 0, 0, 1;
    %store/vec4 v000002888c32b6e0_0, 0, 1;
    %pushi/vec4 1, 0, 1;
    %store/vec4 v000002888c32ab00_0, 0, 1;
    %pushi/vec4 0, 0, 1;
    %store/vec4 v000002888c32b640_0, 0, 1;
    %delay 10000, 0;
    %delay 10000, 0;
    %delay 10000, 0;
    %pushi/vec4 1, 0, 1;
    %store/vec4 v000002888c32b6e0_0, 0, 1;
    %pushi/vec4 6, 0, 4;
    %store/vec4 v000002888c32b000_0, 0, 4;
    %pushi/vec4 0, 0, 1;
    %store/vec4 v000002888c32ab00_0, 0, 1;
    %delay 10000, 0;
    %pushi/vec4 0, 0, 1;
    %store/vec4 v000002888c32b6e0_0, 0, 1;
    %pushi/vec4 1, 0, 1;
    %store/vec4 v000002888c32b640_0, 0, 1;
    %pushi/vec4 0, 0, 1;
    %store/vec4 v000002888c32ab00_0, 0, 1;
    %delay 10000, 0;
    %pushi/vec4 1, 0, 1;
    %store/vec4 v000002888c32ab00_0, 0, 1;
    %delay 10000, 0;
    %pushi/vec4 0, 0, 1;
    %store/vec4 v000002888c32ab00_0, 0, 1;
    %delay 10000, 0;
    %pushi/vec4 1, 0, 1;
    %store/vec4 v000002888c32ab00_0, 0, 1;
    %delay 10000, 0;
    %pushi/vec4 0, 0, 1;
    %store/vec4 v000002888c32ab00_0, 0, 1;
    %delay 10000, 0;
    %vpi_call 2 89 "$finish" {0 0 0};
    %end;
    .thread T_3;
# The file index is used to find the file name in the following table.
:file_names 4;
    "N/A";
    "<interactive>";
    "tb_shift_register.v";
    "shift_register.v";
